npm warn deprecated sourcemap-codec@1.4.8: Please use @jridgewell/sourcemap-codec instead
npm warn deprecated source-map@0.8.0-beta.0: The work that was done in this beta branch won't be included in future versions
npm warn deprecated glob@11.1.0: Old versions of glob are not supported, and contain widely publicized security vulnerabilities, which have been fixed in the current version. Please update. Support for old versions may be purchased (at exorbitant rates) by contacting i@izs.me

added 478 packages, and audited 479 packages in 9s

123 packages are looking for funding
  run `npm fund` for details

13 vulnerabilities (4 moderate, 9 high)

To address issues that do not require attention, run:
  npm audit fix

To address all issues (including breaking changes), run:
  npm audit fix --force

Run `npm audit` for details.

> miunamis@0.0.0 build
> tsc && vite build

vite v4.5.14 building for production...
transforming...
✓ 12884 modules transformed.
rendering chunks...
computing gzip size...
dist/manifest.webmanifest                          0.48 kB
dist/index.html                                    0.98 kB │ gzip:   0.52 kB
dist/assets/index-ed87d32e.css                    63.77 kB │ gzip:  10.83 kB
dist/assets/workbox-window.prod.es5-d772c227.js    5.80 kB │ gzip:   2.40 kB
dist/assets/index-0dbc22c5.js                    797.76 kB │ gzip: 224.63 kB

(!) Some chunks are larger than 500 kBs after minification. Consider:
- Using dynamic import() to code-split the application
- Use build.rollupOptions.output.manualChunks to improve chunking: https://rollupjs.org/configuration-options/#output-manualchunks
- Adjust chunk size limit for this warning via build.chunkSizeWarningLimit.

PWA v1.2.0
mode      generateSW
precache  9 entries (848.25 KiB)
files generated
  dist/sw.js
  dist/workbox-8c29f6e4.js
✓ built in 18.94s
